// Jest Snapshot v1, https://goo.gl/fbAQLP

exports[`CustomInput renders correctly 1`] = `
<div
  className="input"
>
  <label
    className="input__label"
  />
  <br />
  <input
    className="input__field "
    onBlur={[Function]}
  />
</div>
`;
