// Jest Snapshot v1, https://goo.gl/fbAQLP

exports[`CustomMultiselect renders correctly 1`] = `
<div
  className="multiselect "
>
  <WithStyles(ForwardRef(FormControl))>
    <WithStyles(ForwardRef(InputLabel))
      id="undefined-label"
    >
      test_label
    </WithStyles(ForwardRef(InputLabel))>
    <WithStyles(ForwardRef(Select))
      MenuProps={
        Object {
          "getContentAnchorEl": null,
          "variant": "menu",
        }
      }
      input={<WithStyles(ForwardRef(Input)) />}
      labelId="undefined-label"
      multiple={true}
      onChange={[Function]}
      onClose={[Function]}
      renderValue={[Function]}
    >
      <WithStyles(ForwardRef(MenuItem))
        disabled={true}
        value=""
      >
        test placeholder
      </WithStyles(ForwardRef(MenuItem))>
    </WithStyles(ForwardRef(Select))>
  </WithStyles(ForwardRef(FormControl))>
</div>
`;
