// Jest Snapshot v1, https://goo.gl/fbAQLP

exports[`CustomButton renders correctly 1`] = `
<button
  className="button button_contained"
/>
`;
