// Jest Snapshot v1, https://goo.gl/fbAQLP

exports[`Footer renders correctly 1`] = `
<footer
  className="footer"
>
  <div
    className="logo"
  >
    <span>
      netflix
    </span>
    roullete
  </div>
</footer>
`;
